Archive member included to satisfy reference by file (symbol)

c:/program files (x86)/atmel/studio/7.0/toolchain/avr8/avr8-gnu-toolchain/bin/../lib/gcc/avr/5.4.0/../../../../avr/lib/avr5\libm.a(addsf3.o)
                              MCAL/TIMER_1/TIMER_1.o (__subsf3)
c:/program files (x86)/atmel/studio/7.0/toolchain/avr8/avr8-gnu-toolchain/bin/../lib/gcc/avr/5.4.0/../../../../avr/lib/avr5\libm.a(addsf3x.o)
                              c:/program files (x86)/atmel/studio/7.0/toolchain/avr8/avr8-gnu-toolchain/bin/../lib/gcc/avr/5.4.0/../../../../avr/lib/avr5\libm.a(addsf3.o) (__addsf3x)
c:/program files (x86)/atmel/studio/7.0/toolchain/avr8/avr8-gnu-toolchain/bin/../lib/gcc/avr/5.4.0/../../../../avr/lib/avr5\libm.a(divsf3.o)
                              MCAL/TIMER_1/TIMER_1.o (__divsf3)
c:/program files (x86)/atmel/studio/7.0/toolchain/avr8/avr8-gnu-toolchain/bin/../lib/gcc/avr/5.4.0/../../../../avr/lib/avr5\libm.a(divsf3x.o)
                              c:/program files (x86)/atmel/studio/7.0/toolchain/avr8/avr8-gnu-toolchain/bin/../lib/gcc/avr/5.4.0/../../../../avr/lib/avr5\libm.a(divsf3.o) (__divsf3x)
c:/program files (x86)/atmel/studio/7.0/toolchain/avr8/avr8-gnu-toolchain/bin/../lib/gcc/avr/5.4.0/../../../../avr/lib/avr5\libm.a(fixsfsi.o)
                              HAL/LCD/LCD.o (__fixsfsi)
c:/program files (x86)/atmel/studio/7.0/toolchain/avr8/avr8-gnu-toolchain/bin/../lib/gcc/avr/5.4.0/../../../../avr/lib/avr5\libm.a(fixunssfsi.o)
                              MCAL/TIMER_1/TIMER_1.o (__fixunssfsi)
c:/program files (x86)/atmel/studio/7.0/toolchain/avr8/avr8-gnu-toolchain/bin/../lib/gcc/avr/5.4.0/../../../../avr/lib/avr5\libm.a(floatsisf.o)
                              HAL/SERVO/SERVO.o (__floatunsisf)
c:/program files (x86)/atmel/studio/7.0/toolchain/avr8/avr8-gnu-toolchain/bin/../lib/gcc/avr/5.4.0/../../../../avr/lib/avr5\libm.a(fp_inf.o)
                              c:/program files (x86)/atmel/studio/7.0/toolchain/avr8/avr8-gnu-toolchain/bin/../lib/gcc/avr/5.4.0/../../../../avr/lib/avr5\libm.a(addsf3x.o) (__fp_inf)
c:/program files (x86)/atmel/studio/7.0/toolchain/avr8/avr8-gnu-toolchain/bin/../lib/gcc/avr/5.4.0/../../../../avr/lib/avr5\libm.a(fp_nan.o)
                              c:/program files (x86)/atmel/studio/7.0/toolchain/avr8/avr8-gnu-toolchain/bin/../lib/gcc/avr/5.4.0/../../../../avr/lib/avr5\libm.a(addsf3x.o) (__fp_nan)
c:/program files (x86)/atmel/studio/7.0/toolchain/avr8/avr8-gnu-toolchain/bin/../lib/gcc/avr/5.4.0/../../../../avr/lib/avr5\libm.a(fp_pscA.o)
                              c:/program files (x86)/atmel/studio/7.0/toolchain/avr8/avr8-gnu-toolchain/bin/../lib/gcc/avr/5.4.0/../../../../avr/lib/avr5\libm.a(addsf3x.o) (__fp_pscA)
c:/program files (x86)/atmel/studio/7.0/toolchain/avr8/avr8-gnu-toolchain/bin/../lib/gcc/avr/5.4.0/../../../../avr/lib/avr5\libm.a(fp_pscB.o)
                              c:/program files (x86)/atmel/studio/7.0/toolchain/avr8/avr8-gnu-toolchain/bin/../lib/gcc/avr/5.4.0/../../../../avr/lib/avr5\libm.a(addsf3x.o) (__fp_pscB)
c:/program files (x86)/atmel/studio/7.0/toolchain/avr8/avr8-gnu-toolchain/bin/../lib/gcc/avr/5.4.0/../../../../avr/lib/avr5\libm.a(fp_round.o)
                              c:/program files (x86)/atmel/studio/7.0/toolchain/avr8/avr8-gnu-toolchain/bin/../lib/gcc/avr/5.4.0/../../../../avr/lib/avr5\libm.a(addsf3.o) (__fp_round)
c:/program files (x86)/atmel/studio/7.0/toolchain/avr8/avr8-gnu-toolchain/bin/../lib/gcc/avr/5.4.0/../../../../avr/lib/avr5\libm.a(fp_split3.o)
                              c:/program files (x86)/atmel/studio/7.0/toolchain/avr8/avr8-gnu-toolchain/bin/../lib/gcc/avr/5.4.0/../../../../avr/lib/avr5\libm.a(addsf3x.o) (__fp_split3)
c:/program files (x86)/atmel/studio/7.0/toolchain/avr8/avr8-gnu-toolchain/bin/../lib/gcc/avr/5.4.0/../../../../avr/lib/avr5\libm.a(fp_zero.o)
                              c:/program files (x86)/atmel/studio/7.0/toolchain/avr8/avr8-gnu-toolchain/bin/../lib/gcc/avr/5.4.0/../../../../avr/lib/avr5\libm.a(addsf3x.o) (__fp_zero)
c:/program files (x86)/atmel/studio/7.0/toolchain/avr8/avr8-gnu-toolchain/bin/../lib/gcc/avr/5.4.0/../../../../avr/lib/avr5\libm.a(mulsf3.o)
                              MCAL/TIMER_1/TIMER_1.o (__mulsf3)
c:/program files (x86)/atmel/studio/7.0/toolchain/avr8/avr8-gnu-toolchain/bin/../lib/gcc/avr/5.4.0/../../../../avr/lib/avr5\libm.a(mulsf3x.o)
                              c:/program files (x86)/atmel/studio/7.0/toolchain/avr8/avr8-gnu-toolchain/bin/../lib/gcc/avr/5.4.0/../../../../avr/lib/avr5\libm.a(mulsf3.o) (__mulsf3x)
c:/program files (x86)/atmel/studio/7.0/toolchain/avr8/avr8-gnu-toolchain/bin/../lib/gcc/avr/5.4.0/avr5\libgcc.a(_divmodhi4.o)
                              MCAL/TIMER_0/TIMER_0.o (__divmodhi4)
c:/program files (x86)/atmel/studio/7.0/toolchain/avr8/avr8-gnu-toolchain/bin/../lib/gcc/avr/5.4.0/avr5\libgcc.a(_udivmodsi4.o)
                              HAL/TEMP_SENSOR/TEMP.o (__udivmodsi4)
c:/program files (x86)/atmel/studio/7.0/toolchain/avr8/avr8-gnu-toolchain/bin/../lib/gcc/avr/5.4.0/avr5\libgcc.a(_divmodsi4.o)
                              HAL/LCD/LCD.o (__divmodsi4)
c:/program files (x86)/atmel/studio/7.0/toolchain/avr8/avr8-gnu-toolchain/bin/../lib/gcc/avr/5.4.0/avr5\libgcc.a(_negsi2.o)
                              c:/program files (x86)/atmel/studio/7.0/toolchain/avr8/avr8-gnu-toolchain/bin/../lib/gcc/avr/5.4.0/avr5\libgcc.a(_divmodsi4.o) (__negsi2)
c:/program files (x86)/atmel/studio/7.0/toolchain/avr8/avr8-gnu-toolchain/bin/../lib/gcc/avr/5.4.0/avr5\libgcc.a(_exit.o)
                              c:/program files (x86)/atmel/studio/7.0/toolchain/avr8/avr8-gnu-toolchain/bin/../lib/gcc/avr/5.4.0/../../../../avr/lib/avr5/crtatmega32.o (exit)
c:/program files (x86)/atmel/studio/7.0/toolchain/avr8/avr8-gnu-toolchain/bin/../lib/gcc/avr/5.4.0/avr5\libgcc.a(_tablejump2.o)
                              HAL/LED/LED.o (__tablejump2__)
c:/program files (x86)/atmel/studio/7.0/toolchain/avr8/avr8-gnu-toolchain/bin/../lib/gcc/avr/5.4.0/avr5\libgcc.a(_copy_data.o)
                              APP/main.o (__do_copy_data)
c:/program files (x86)/atmel/studio/7.0/toolchain/avr8/avr8-gnu-toolchain/bin/../lib/gcc/avr/5.4.0/avr5\libgcc.a(_clear_bss.o)
                              MCAL/EXT_INT/EXT_INT.o (__do_clear_bss)
c:/program files (x86)/atmel/studio/7.0/toolchain/avr8/avr8-gnu-toolchain/bin/../lib/gcc/avr/5.4.0/avr5\libgcc.a(_umulhisi3.o)
                              HAL/SERVO/SERVO.o (__umulhisi3)
c:/program files (x86)/atmel/studio/7.0/toolchain/avr8/avr8-gnu-toolchain/bin/../lib/gcc/avr/5.4.0/avr5\libgcc.a(_muluhisi3.o)
                              MCAL/TIMER_0/TIMER_0.o (__muluhisi3)
c:/program files (x86)/atmel/studio/7.0/toolchain/avr8/avr8-gnu-toolchain/bin/../lib/gcc/avr/5.4.0/avr5\libgcc.a(_udivmodhi4.o)
                              c:/program files (x86)/atmel/studio/7.0/toolchain/avr8/avr8-gnu-toolchain/bin/../lib/gcc/avr/5.4.0/avr5\libgcc.a(_divmodhi4.o) (__udivmodhi4)

Allocating common symbols
Common symbol       size              file

call_back           0x2               MCAL/EXT_INT/EXT_INT.o

Discarded input sections

 .data          0x00000000        0x0 c:/program files (x86)/atmel/studio/7.0/toolchain/avr8/avr8-gnu-toolchain/bin/../lib/gcc/avr/5.4.0/../../../../avr/lib/avr5/crtatmega32.o
 .bss           0x00000000        0x0 c:/program files (x86)/atmel/studio/7.0/toolchain/avr8/avr8-gnu-toolchain/bin/../lib/gcc/avr/5.4.0/../../../../avr/lib/avr5/crtatmega32.o
 .text          0x00000000        0x0 APP/main.o
 .data          0x00000000        0x0 APP/main.o
 .bss           0x00000000        0x0 APP/main.o
 .text          0x00000000        0x0 HAL/AT24C16A/AT24C16A.o
 .data          0x00000000        0x0 HAL/AT24C16A/AT24C16A.o
 .bss           0x00000000        0x0 HAL/AT24C16A/AT24C16A.o
 .text.H_Eeprom16kInit
                0x00000000        0x6 HAL/AT24C16A/AT24C16A.o
 .text.H_Eeprom16kWrite
                0x00000000       0x42 HAL/AT24C16A/AT24C16A.o
 .text.H_Eeprom16kRead
                0x00000000       0x36 HAL/AT24C16A/AT24C16A.o
 .debug_info    0x00000000      0x2d6 HAL/AT24C16A/AT24C16A.o
 .debug_abbrev  0x00000000      0x152 HAL/AT24C16A/AT24C16A.o
 .debug_loc     0x00000000      0x1c4 HAL/AT24C16A/AT24C16A.o
 .debug_aranges
                0x00000000       0x30 HAL/AT24C16A/AT24C16A.o
 .debug_ranges  0x00000000       0x20 HAL/AT24C16A/AT24C16A.o
 .debug_line    0x00000000      0x1bf HAL/AT24C16A/AT24C16A.o
 .debug_str     0x00000000      0x2de HAL/AT24C16A/AT24C16A.o
 .comment       0x00000000       0x31 HAL/AT24C16A/AT24C16A.o
 .debug_frame   0x00000000       0x60 HAL/AT24C16A/AT24C16A.o
 .text          0x00000000        0x0 HAL/DC_MOTOR/DC_MOTOR.o
 .data          0x00000000        0x0 HAL/DC_MOTOR/DC_MOTOR.o
 .bss           0x00000000        0x0 HAL/DC_MOTOR/DC_MOTOR.o
 .text.H_DcMotorInit
                0x00000000       0x16 HAL/DC_MOTOR/DC_MOTOR.o
 .text.H_DcMotorSetDirection
                0x00000000       0x2e HAL/DC_MOTOR/DC_MOTOR.o
 .text.H_DcMotorSetSpeed
                0x00000000        0x8 HAL/DC_MOTOR/DC_MOTOR.o
 .text.H_DcMotorStart
                0x00000000        0x6 HAL/DC_MOTOR/DC_MOTOR.o
 .text.H_DcMotorStop
                0x00000000        0x6 HAL/DC_MOTOR/DC_MOTOR.o
 .debug_info    0x00000000      0x21a HAL/DC_MOTOR/DC_MOTOR.o
 .debug_abbrev  0x00000000       0x98 HAL/DC_MOTOR/DC_MOTOR.o
 .debug_loc     0x00000000       0x66 HAL/DC_MOTOR/DC_MOTOR.o
 .debug_aranges
                0x00000000       0x40 HAL/DC_MOTOR/DC_MOTOR.o
 .debug_ranges  0x00000000       0x30 HAL/DC_MOTOR/DC_MOTOR.o
 .debug_line    0x00000000      0x116 HAL/DC_MOTOR/DC_MOTOR.o
 .debug_str     0x00000000      0x221 HAL/DC_MOTOR/DC_MOTOR.o
 .comment       0x00000000       0x31 HAL/DC_MOTOR/DC_MOTOR.o
 .debug_frame   0x00000000       0x64 HAL/DC_MOTOR/DC_MOTOR.o
 .text          0x00000000        0x0 HAL/KEY_PAD/KEY_PAD.o
 .data          0x00000000        0x0 HAL/KEY_PAD/KEY_PAD.o
 .bss           0x00000000        0x0 HAL/KEY_PAD/KEY_PAD.o
 .text.H_KeyPadInit
                0x00000000       0x82 HAL/KEY_PAD/KEY_PAD.o
 .rodata        0x00000000       0x10 HAL/KEY_PAD/KEY_PAD.o
 .text.H_KeyPadRead
                0x00000000       0xc0 HAL/KEY_PAD/KEY_PAD.o
 .debug_info    0x00000000      0x3c8 HAL/KEY_PAD/KEY_PAD.o
 .debug_abbrev  0x00000000      0x14a HAL/KEY_PAD/KEY_PAD.o
 .debug_loc     0x00000000      0x189 HAL/KEY_PAD/KEY_PAD.o
 .debug_aranges
                0x00000000       0x28 HAL/KEY_PAD/KEY_PAD.o
 .debug_ranges  0x00000000       0x18 HAL/KEY_PAD/KEY_PAD.o
 .debug_line    0x00000000      0x21d HAL/KEY_PAD/KEY_PAD.o
 .debug_str     0x00000000      0x267 HAL/KEY_PAD/KEY_PAD.o
 .comment       0x00000000       0x31 HAL/KEY_PAD/KEY_PAD.o
 .debug_frame   0x00000000       0x68 HAL/KEY_PAD/KEY_PAD.o
 .text          0x00000000        0x0 HAL/LCD/LCD.o
 .data          0x00000000        0x0 HAL/LCD/LCD.o
 .bss           0x00000000        0x0 HAL/LCD/LCD.o
 .text.H_LcdWriteNumber
                0x00000000      0x10a HAL/LCD/LCD.o
 .text.H_LcdClear
                0x00000000        0x8 HAL/LCD/LCD.o
 .text          0x00000000        0x0 HAL/LED/LED.o
 .data          0x00000000        0x0 HAL/LED/LED.o
 .bss           0x00000000        0x0 HAL/LED/LED.o
 .text          0x00000000        0x0 HAL/P_B/P_B.o
 .data          0x00000000        0x0 HAL/P_B/P_B.o
 .bss           0x00000000        0x0 HAL/P_B/P_B.o
 .text.H_PushButtonInit
                0x00000000       0x5e HAL/P_B/P_B.o
 .text.H_PushButtonRead
                0x00000000       0x3a HAL/P_B/P_B.o
 .debug_info    0x00000000      0x20a HAL/P_B/P_B.o
 .debug_abbrev  0x00000000       0xb8 HAL/P_B/P_B.o
 .debug_loc     0x00000000      0x16c HAL/P_B/P_B.o
 .debug_aranges
                0x00000000       0x28 HAL/P_B/P_B.o
 .debug_ranges  0x00000000       0x18 HAL/P_B/P_B.o
 .debug_line    0x00000000      0x101 HAL/P_B/P_B.o
 .debug_str     0x00000000      0x1ac HAL/P_B/P_B.o
 .comment       0x00000000       0x31 HAL/P_B/P_B.o
 .debug_frame   0x00000000       0x34 HAL/P_B/P_B.o
 .text          0x00000000        0x0 HAL/RELAY/RELAY.o
 .data          0x00000000        0x0 HAL/RELAY/RELAY.o
 .bss           0x00000000        0x0 HAL/RELAY/RELAY.o
 .debug_line    0x00000000        0x0 HAL/RELAY/RELAY.o
 .debug_str     0x00000000       0xfb HAL/RELAY/RELAY.o
 .comment       0x00000000       0x31 HAL/RELAY/RELAY.o
 .text          0x00000000        0x0 HAL/SERVO/SERVO.o
 .data          0x00000000        0x0 HAL/SERVO/SERVO.o
 .bss           0x00000000        0x0 HAL/SERVO/SERVO.o
 .text.H_ServoInit
                0x00000000        0x6 HAL/SERVO/SERVO.o
 .text.H_ServoSetAngle
                0x00000000       0x3a HAL/SERVO/SERVO.o
 .text.H_ServoStart
                0x00000000        0x6 HAL/SERVO/SERVO.o
 .text.H_ServoStop
                0x00000000        0x6 HAL/SERVO/SERVO.o
 .debug_info    0x00000000      0x161 HAL/SERVO/SERVO.o
 .debug_abbrev  0x00000000       0x9d HAL/SERVO/SERVO.o
 .debug_loc     0x00000000       0x6b HAL/SERVO/SERVO.o
 .debug_aranges
                0x00000000       0x38 HAL/SERVO/SERVO.o
 .debug_ranges  0x00000000       0x28 HAL/SERVO/SERVO.o
 .debug_line    0x00000000       0xbb HAL/SERVO/SERVO.o
 .debug_str     0x00000000      0x1f5 HAL/SERVO/SERVO.o
 .comment       0x00000000       0x31 HAL/SERVO/SERVO.o
 .debug_frame   0x00000000       0x54 HAL/SERVO/SERVO.o
 .text          0x00000000        0x0 HAL/SSD/SSD.o
 .data          0x00000000        0x0 HAL/SSD/SSD.o
 .bss           0x00000000        0x0 HAL/SSD/SSD.o
 .text.H_SsdInit
                0x00000000       0x32 HAL/SSD/SSD.o
 .text.H_SsdDisplayBlink
                0x00000000      0x364 HAL/SSD/SSD.o
 .progmem.gcc_sw_table.H_SsdDisplayBlink
                0x00000000       0x28 HAL/SSD/SSD.o
 .text.H_SsdDisplay
                0x00000000      0x338 HAL/SSD/SSD.o
 .progmem.gcc_sw_table.H_SsdDisplay
                0x00000000       0x28 HAL/SSD/SSD.o
 .text.H_SsdCountUp
                0x00000000       0x1a HAL/SSD/SSD.o
 .text.H_SsdCountDown
                0x00000000       0x16 HAL/SSD/SSD.o
 .debug_info    0x00000000     0x1435 HAL/SSD/SSD.o
 .debug_abbrev  0x00000000      0x1a9 HAL/SSD/SSD.o
 .debug_loc     0x00000000      0x379 HAL/SSD/SSD.o
 .debug_aranges
                0x00000000       0x40 HAL/SSD/SSD.o
 .debug_ranges  0x00000000       0x30 HAL/SSD/SSD.o
 .debug_line    0x00000000      0x758 HAL/SSD/SSD.o
 .debug_str     0x00000000      0x240 HAL/SSD/SSD.o
 .comment       0x00000000       0x31 HAL/SSD/SSD.o
 .debug_frame   0x00000000       0xa8 HAL/SSD/SSD.o
 .text          0x00000000        0x0 HAL/STEPPER/STEPPER.o
 .data          0x00000000        0x0 HAL/STEPPER/STEPPER.o
 .bss           0x00000000        0x0 HAL/STEPPER/STEPPER.o
 .text.H_StepperInit
                0x00000000       0x22 HAL/STEPPER/STEPPER.o
 .text.H_StepperRotate
                0x00000000      0x106 HAL/STEPPER/STEPPER.o
 .debug_info    0x00000000      0x40f HAL/STEPPER/STEPPER.o
 .debug_abbrev  0x00000000      0x136 HAL/STEPPER/STEPPER.o
 .debug_loc     0x00000000      0x209 HAL/STEPPER/STEPPER.o
 .debug_aranges
                0x00000000       0x28 HAL/STEPPER/STEPPER.o
 .debug_ranges  0x00000000       0x18 HAL/STEPPER/STEPPER.o
 .debug_line    0x00000000      0x25f HAL/STEPPER/STEPPER.o
 .debug_str     0x00000000      0x223 HAL/STEPPER/STEPPER.o
 .comment       0x00000000       0x31 HAL/STEPPER/STEPPER.o
 .debug_frame   0x00000000       0x5c HAL/STEPPER/STEPPER.o
 .text          0x00000000        0x0 HAL/TEMP_SENSOR/TEMP.o
 .data          0x00000000        0x0 HAL/TEMP_SENSOR/TEMP.o
 .bss           0x00000000        0x0 HAL/TEMP_SENSOR/TEMP.o
 .text.H_TempSensorInit
                0x00000000        0x6 HAL/TEMP_SENSOR/TEMP.o
 .text.H_TempSensorRead
                0x00000000       0x1e HAL/TEMP_SENSOR/TEMP.o
 .debug_info    0x00000000       0xfc HAL/TEMP_SENSOR/TEMP.o
 .debug_abbrev  0x00000000       0x90 HAL/TEMP_SENSOR/TEMP.o
 .debug_loc     0x00000000       0x3f HAL/TEMP_SENSOR/TEMP.o
 .debug_aranges
                0x00000000       0x28 HAL/TEMP_SENSOR/TEMP.o
 .debug_ranges  0x00000000       0x18 HAL/TEMP_SENSOR/TEMP.o
 .debug_line    0x00000000       0x98 HAL/TEMP_SENSOR/TEMP.o
 .debug_str     0x00000000      0x1a6 HAL/TEMP_SENSOR/TEMP.o
 .comment       0x00000000       0x31 HAL/TEMP_SENSOR/TEMP.o
 .debug_frame   0x00000000       0x34 HAL/TEMP_SENSOR/TEMP.o
 .text          0x00000000        0x0 MCAL/ADC/ADC.o
 .data          0x00000000        0x0 MCAL/ADC/ADC.o
 .bss           0x00000000        0x0 MCAL/ADC/ADC.o
 .text.M_AdcInit
                0x00000000       0x12 MCAL/ADC/ADC.o
 .text.M_AdcRead
                0x00000000        0xc MCAL/ADC/ADC.o
 .debug_info    0x00000000       0xa7 MCAL/ADC/ADC.o
 .debug_abbrev  0x00000000       0x60 MCAL/ADC/ADC.o
 .debug_aranges
                0x00000000       0x28 MCAL/ADC/ADC.o
 .debug_ranges  0x00000000       0x18 MCAL/ADC/ADC.o
 .debug_line    0x00000000       0xaf MCAL/ADC/ADC.o
 .debug_str     0x00000000      0x16b MCAL/ADC/ADC.o
 .comment       0x00000000       0x31 MCAL/ADC/ADC.o
 .debug_frame   0x00000000       0x34 MCAL/ADC/ADC.o
 .text          0x00000000        0x0 MCAL/DIO/DIO.o
 .data          0x00000000        0x0 MCAL/DIO/DIO.o
 .bss           0x00000000        0x0 MCAL/DIO/DIO.o
 .text.M_PinRead
                0x00000000       0x88 MCAL/DIO/DIO.o
 .text.M_PinPullUp
                0x00000000      0x12c MCAL/DIO/DIO.o
 .text          0x00000000        0x0 MCAL/EXT_INT/EXT_INT.o
 .data          0x00000000        0x0 MCAL/EXT_INT/EXT_INT.o
 .bss           0x00000000        0x0 MCAL/EXT_INT/EXT_INT.o
 .text.M_ExtInt0Init
                0x00000000       0x1a MCAL/EXT_INT/EXT_INT.o
 .text.M_EXT_INT_SetCallBack
                0x00000000        0xa MCAL/EXT_INT/EXT_INT.o
 .text          0x00000000        0x0 MCAL/I2C/I2C.o
 .data          0x00000000        0x0 MCAL/I2C/I2C.o
 .bss           0x00000000        0x0 MCAL/I2C/I2C.o
 .text.M_I2cInit
                0x00000000        0xc MCAL/I2C/I2C.o
 .text.M_I2cStartCondition
                0x00000000       0x1c MCAL/I2C/I2C.o
 .text.M_I2cStopCondition
                0x00000000        0xe MCAL/I2C/I2C.o
 .text.M_I2cRepeatedStart
                0x00000000       0x1c MCAL/I2C/I2C.o
 .text.M_I2cMasterSendSlaveAddressWrite
                0x00000000       0x1a MCAL/I2C/I2C.o
 .text.M_I2cMasterSendSlaveAddressRead
                0x00000000       0x1c MCAL/I2C/I2C.o
 .text.M_I2cMasterSendByte
                0x00000000       0x1e MCAL/I2C/I2C.o
 .text.M_I2cMasterReadByte
                0x00000000       0x2a MCAL/I2C/I2C.o
 .debug_info    0x00000000      0x188 MCAL/I2C/I2C.o
 .debug_abbrev  0x00000000       0xa3 MCAL/I2C/I2C.o
 .debug_loc     0x00000000       0x8e MCAL/I2C/I2C.o
 .debug_aranges
                0x00000000       0x58 MCAL/I2C/I2C.o
 .debug_ranges  0x00000000       0x48 MCAL/I2C/I2C.o
 .debug_line    0x00000000      0x1d8 MCAL/I2C/I2C.o
 .debug_str     0x00000000      0x263 MCAL/I2C/I2C.o
 .comment       0x00000000       0x31 MCAL/I2C/I2C.o
 .debug_frame   0x00000000       0x94 MCAL/I2C/I2C.o
 .text          0x00000000        0x0 MCAL/SPI/SPI.o
 .data          0x00000000        0x0 MCAL/SPI/SPI.o
 .bss           0x00000000        0x0 MCAL/SPI/SPI.o
 .text.M_SpiInit
                0x00000000       0x2e MCAL/SPI/SPI.o
 .text.M_SpiTransive
                0x00000000        0xc MCAL/SPI/SPI.o
 .debug_info    0x00000000      0x13a MCAL/SPI/SPI.o
 .debug_abbrev  0x00000000       0xb4 MCAL/SPI/SPI.o
 .debug_loc     0x00000000       0x1f MCAL/SPI/SPI.o
 .debug_aranges
                0x00000000       0x28 MCAL/SPI/SPI.o
 .debug_ranges  0x00000000       0x18 MCAL/SPI/SPI.o
 .debug_line    0x00000000       0xd6 MCAL/SPI/SPI.o
 .debug_str     0x00000000      0x1b9 MCAL/SPI/SPI.o
 .comment       0x00000000       0x31 MCAL/SPI/SPI.o
 .debug_frame   0x00000000       0x34 MCAL/SPI/SPI.o
 .text          0x00000000        0x0 MCAL/TIMER_0/TIMER_0.o
 .data          0x00000000        0x0 MCAL/TIMER_0/TIMER_0.o
 .bss           0x00000000        0x0 MCAL/TIMER_0/TIMER_0.o
 .text.M_Timer0Init
                0x00000000       0x1a MCAL/TIMER_0/TIMER_0.o
 .text.M_Timer0SetTime
                0x00000000       0xaa MCAL/TIMER_0/TIMER_0.o
 .text.M_Timer0Start
                0x00000000       0x14 MCAL/TIMER_0/TIMER_0.o
 .text.M_Timer0Stop
                0x00000000       0x14 MCAL/TIMER_0/TIMER_0.o
 .text.M_Timer0_SetCallBack
                0x00000000        0xa MCAL/TIMER_0/TIMER_0.o
 .text.M_Pwm0Init
                0x00000000       0x1c MCAL/TIMER_0/TIMER_0.o
 .text.M_Pwm0SetDutyCycle
                0x00000000       0x14 MCAL/TIMER_0/TIMER_0.o
 .text.M_Pwm0Start
                0x00000000        0x6 MCAL/TIMER_0/TIMER_0.o
 .text.M_Pwm0Stop
                0x00000000        0x6 MCAL/TIMER_0/TIMER_0.o
 .bss.u8_global_rem_ticks
                0x00000000        0x1 MCAL/TIMER_0/TIMER_0.o
 .bss.u32_global_no_of_ov
                0x00000000        0x4 MCAL/TIMER_0/TIMER_0.o
 .text          0x00000000        0x0 MCAL/TIMER_1/TIMER_1.o
 .data          0x00000000        0x0 MCAL/TIMER_1/TIMER_1.o
 .bss           0x00000000        0x0 MCAL/TIMER_1/TIMER_1.o
 .text.M_Pwm1Init
                0x00000000       0x30 MCAL/TIMER_1/TIMER_1.o
 .text.M_Pwm1SetFrequancy
                0x00000000        0x2 MCAL/TIMER_1/TIMER_1.o
 .text.M_Pwm1SetDutyCycle
                0x00000000       0x2e MCAL/TIMER_1/TIMER_1.o
 .text.M_Pwm1Start
                0x00000000       0x14 MCAL/TIMER_1/TIMER_1.o
 .text.M_Pwm1Stop
                0x00000000       0x14 MCAL/TIMER_1/TIMER_1.o
 .debug_info    0x00000000      0x12c MCAL/TIMER_1/TIMER_1.o
 .debug_abbrev  0x00000000       0x98 MCAL/TIMER_1/TIMER_1.o
 .debug_loc     0x00000000       0x2e MCAL/TIMER_1/TIMER_1.o
 .debug_aranges
                0x00000000       0x40 MCAL/TIMER_1/TIMER_1.o
 .debug_ranges  0x00000000       0x30 MCAL/TIMER_1/TIMER_1.o
 .debug_line    0x00000000       0xf5 MCAL/TIMER_1/TIMER_1.o
 .debug_str     0x00000000      0x1cf MCAL/TIMER_1/TIMER_1.o
 .comment       0x00000000       0x31 MCAL/TIMER_1/TIMER_1.o
 .debug_frame   0x00000000       0x64 MCAL/TIMER_1/TIMER_1.o
 .text          0x00000000        0x0 MCAL/UART/UART.o
 .data          0x00000000        0x0 MCAL/UART/UART.o
 .bss           0x00000000        0x0 MCAL/UART/UART.o
 .text.M_UartSend
                0x00000000        0x8 MCAL/UART/UART.o
 .text          0x00000000        0x0 MCAL/WDT/WDT.o
 .data          0x00000000        0x0 MCAL/WDT/WDT.o
 .bss           0x00000000        0x0 MCAL/WDT/WDT.o
 .text.M_WdtInit
                0x00000000       0x1a MCAL/WDT/WDT.o
 .text.M_WdtRefresh
                0x00000000        0x4 MCAL/WDT/WDT.o
 .debug_info    0x00000000       0x98 MCAL/WDT/WDT.o
 .debug_abbrev  0x00000000       0x46 MCAL/WDT/WDT.o
 .debug_aranges
                0x00000000       0x28 MCAL/WDT/WDT.o
 .debug_ranges  0x00000000       0x18 MCAL/WDT/WDT.o
 .debug_line    0x00000000       0x81 MCAL/WDT/WDT.o
 .debug_str     0x00000000      0x16e MCAL/WDT/WDT.o
 .comment       0x00000000       0x31 MCAL/WDT/WDT.o
 .debug_frame   0x00000000       0x34 MCAL/WDT/WDT.o
 .text          0x00000000        0x0 c:/program files (x86)/atmel/studio/7.0/toolchain/avr8/avr8-gnu-toolchain/bin/../lib/gcc/avr/5.4.0/../../../../avr/lib/avr5\libm.a(addsf3.o)
 .data          0x00000000        0x0 c:/program files (x86)/atmel/studio/7.0/toolchain/avr8/avr8-gnu-toolchain/bin/../lib/gcc/avr/5.4.0/../../../../avr/lib/avr5\libm.a(addsf3.o)
 .bss           0x00000000        0x0 c:/program files (x86)/atmel/studio/7.0/toolchain/avr8/avr8-gnu-toolchain/bin/../lib/gcc/avr/5.4.0/../../../../avr/lib/avr5\libm.a(addsf3.o)
 .text.avr-libc.fplib
                0x00000000        0xe c:/program files (x86)/atmel/studio/7.0/toolchain/avr8/avr8-gnu-toolchain/bin/../lib/gcc/avr/5.4.0/../../../../avr/lib/avr5\libm.a(addsf3.o)
 .text          0x00000000        0x0 c:/program files (x86)/atmel/studio/7.0/toolchain/avr8/avr8-gnu-toolchain/bin/../lib/gcc/avr/5.4.0/../../../../avr/lib/avr5\libm.a(addsf3x.o)
 .data          0x00000000        0x0 c:/program files (x86)/atmel/studio/7.0/toolchain/avr8/avr8-gnu-toolchain/bin/../lib/gcc/avr/5.4.0/../../../../avr/lib/avr5\libm.a(addsf3x.o)
 .bss           0x00000000        0x0 c:/program files (x86)/atmel/studio/7.0/toolchain/avr8/avr8-gnu-toolchain/bin/../lib/gcc/avr/5.4.0/../../../../avr/lib/avr5\libm.a(addsf3x.o)
 .text.avr-libc.fplib
                0x00000000       0xcc c:/program files (x86)/atmel/studio/7.0/toolchain/avr8/avr8-gnu-toolchain/bin/../lib/gcc/avr/5.4.0/../../../../avr/lib/avr5\libm.a(addsf3x.o)
 .text          0x00000000        0x0 c:/program files (x86)/atmel/studio/7.0/toolchain/avr8/avr8-gnu-toolchain/bin/../lib/gcc/avr/5.4.0/../../../../avr/lib/avr5\libm.a(divsf3.o)
 .data          0x00000000        0x0 c:/program files (x86)/atmel/studio/7.0/toolchain/avr8/avr8-gnu-toolchain/bin/../lib/gcc/avr/5.4.0/../../../../avr/lib/avr5\libm.a(divsf3.o)
 .bss           0x00000000        0x0 c:/program files (x86)/atmel/studio/7.0/toolchain/avr8/avr8-gnu-toolchain/bin/../lib/gcc/avr/5.4.0/../../../../avr/lib/avr5\libm.a(divsf3.o)
 .text.avr-libc.fplib
                0x00000000        0x8 c:/program files (x86)/atmel/studio/7.0/toolchain/avr8/avr8-gnu-toolchain/bin/../lib/gcc/avr/5.4.0/../../../../avr/lib/avr5\libm.a(divsf3.o)
 .text          0x00000000        0x0 c:/program files (x86)/atmel/studio/7.0/toolchain/avr8/avr8-gnu-toolchain/bin/../lib/gcc/avr/5.4.0/../../../../avr/lib/avr5\libm.a(divsf3x.o)
 .data          0x00000000        0x0 c:/program files (x86)/atmel/studio/7.0/toolchain/avr8/avr8-gnu-toolchain/bin/../lib/gcc/avr/5.4.0/../../../../avr/lib/avr5\libm.a(divsf3x.o)
 .bss           0x00000000        0x0 c:/program files (x86)/atmel/studio/7.0/toolchain/avr8/avr8-gnu-toolchain/bin/../lib/gcc/avr/5.4.0/../../../../avr/lib/avr5\libm.a(divsf3x.o)
 .text.avr-libc.fplib
                0x00000000       0xdc c:/program files (x86)/atmel/studio/7.0/toolchain/avr8/avr8-gnu-toolchain/bin/../lib/gcc/avr/5.4.0/../../../../avr/lib/avr5\libm.a(divsf3x.o)
 .text          0x00000000        0x0 c:/program files (x86)/atmel/studio/7.0/toolchain/avr8/avr8-gnu-toolchain/bin/../lib/gcc/avr/5.4.0/../../../../avr/lib/avr5\libm.a(fixsfsi.o)
 .data          0x00000000        0x0 c:/program files (x86)/atmel/studio/7.0/toolchain/avr8/avr8-gnu-toolchain/bin/../lib/gcc/avr/5.4.0/../../../../avr/lib/avr5\libm.a(fixsfsi.o)
 .bss           0x00000000        0x0 c:/program files (x86)/atmel/studio/7.0/toolchain/avr8/avr8-gnu-toolchain/bin/../lib/gcc/avr/5.4.0/../../../../avr/lib/avr5\libm.a(fixsfsi.o)
 .text.avr-libc.fplib
                0x00000000        0xe c:/program files (x86)/atmel/studio/7.0/toolchain/avr8/avr8-gnu-toolchain/bin/../lib/gcc/avr/5.4.0/../../../../avr/lib/avr5\libm.a(fixsfsi.o)
 .text          0x00000000        0x0 c:/program files (x86)/atmel/studio/7.0/toolchain/avr8/avr8-gnu-toolchain/bin/../lib/gcc/avr/5.4.0/../../../../avr/lib/avr5\libm.a(fixunssfsi.o)
 .data          0x00000000        0x0 c:/program files (x86)/atmel/studio/7.0/toolchain/avr8/avr8-gnu-toolchain/bin/../lib/gcc/avr/5.4.0/../../../../avr/lib/avr5\libm.a(fixunssfsi.o)
 .bss           0x00000000        0x0 c:/program files (x86)/atmel/studio/7.0/toolchain/avr8/avr8-gnu-toolchain/bin/../lib/gcc/avr/5.4.0/../../../../avr/lib/avr5\libm.a(fixunssfsi.o)
 .text.avr-libc.fplib
                0x00000000       0x5e c:/program files (x86)/atmel/studio/7.0/toolchain/avr8/avr8-gnu-toolchain/bin/../lib/gcc/avr/5.4.0/../../../../avr/lib/avr5\libm.a(fixunssfsi.o)
 .text          0x00000000        0x0 c:/program files (x86)/atmel/studio/7.0/toolchain/avr8/avr8-gnu-toolchain/bin/../lib/gcc/avr/5.4.0/../../../../avr/lib/avr5\libm.a(floatsisf.o)
 .data          0x00000000        0x0 c:/program files (x86)/atmel/studio/7.0/toolchain/avr8/avr8-gnu-toolchain/bin/../lib/gcc/avr/5.4.0/../../../../avr/lib/avr5\libm.a(floatsisf.o)
 .bss           0x00000000        0x0 c:/program files (x86)/atmel/studio/7.0/toolchain/avr8/avr8-gnu-toolchain/bin/../lib/gcc/avr/5.4.0/../../../../avr/lib/avr5\libm.a(floatsisf.o)
 .text.avr-libc.fplib
                0x00000000       0x7a c:/program files (x86)/atmel/studio/7.0/toolchain/avr8/avr8-gnu-toolchain/bin/../lib/gcc/avr/5.4.0/../../../../avr/lib/avr5\libm.a(floatsisf.o)
 .text          0x00000000        0x0 c:/program files (x86)/atmel/studio/7.0/toolchain/avr8/avr8-gnu-toolchain/bin/../lib/gcc/avr/5.4.0/../../../../avr/lib/avr5\libm.a(fp_inf.o)
 .data          0x00000000        0x0 c:/program files (x86)/atmel/studio/7.0/toolchain/avr8/avr8-gnu-toolchain/bin/../lib/gcc/avr/5.4.0/../../../../avr/lib/avr5\libm.a(fp_inf.o)
 .bss           0x00000000        0x0 c:/program files (x86)/atmel/studio/7.0/toolchain/avr8/avr8-gnu-toolchain/bin/../lib/gcc/avr/5.4.0/../../../../avr/lib/avr5\libm.a(fp_inf.o)
 .text.avr-libc.fplib
                0x00000000        0xc c:/program files (x86)/atmel/studio/7.0/toolchain/avr8/avr8-gnu-toolchain/bin/../lib/gcc/avr/5.4.0/../../../../avr/lib/avr5\libm.a(fp_inf.o)
 .text          0x00000000        0x0 c:/program files (x86)/atmel/studio/7.0/toolchain/avr8/avr8-gnu-toolchain/bin/../lib/gcc/avr/5.4.0/../../../../avr/lib/avr5\libm.a(fp_nan.o)
 .data          0x00000000        0x0 c:/program files (x86)/atmel/studio/7.0/toolchain/avr8/avr8-gnu-toolchain/bin/../lib/gcc/avr/5.4.0/../../../../avr/lib/avr5\libm.a(fp_nan.o)
 .bss           0x00000000        0x0 c:/program files (x86)/atmel/studio/7.0/toolchain/avr8/avr8-gnu-toolchain/bin/../lib/gcc/avr/5.4.0/../../../../avr/lib/avr5\libm.a(fp_nan.o)
 .text.avr-libc.fplib
                0x00000000        0x6 c:/program files (x86)/atmel/studio/7.0/toolchain/avr8/avr8-gnu-toolchain/bin/../lib/gcc/avr/5.4.0/../../../../avr/lib/avr5\libm.a(fp_nan.o)
 .text          0x00000000        0x0 c:/program files (x86)/atmel/studio/7.0/toolchain/avr8/avr8-gnu-toolchain/bin/../lib/gcc/avr/5.4.0/../../../../avr/lib/avr5\libm.a(fp_pscA.o)
 .data          0x00000000        0x0 c:/program files (x86)/atmel/studio/7.0/toolchain/avr8/avr8-gnu-toolchain/bin/../lib/gcc/avr/5.4.0/../../../../avr/lib/avr5\libm.a(fp_pscA.o)
 .bss           0x00000000        0x0 c:/program files (x86)/atmel/studio/7.0/toolchain/avr8/avr8-gnu-toolchain/bin/../lib/gcc/avr/5.4.0/../../../../avr/lib/avr5\libm.a(fp_pscA.o)
 .text.avr-libc.fplib
                0x00000000        0xe c:/program files (x86)/atmel/studio/7.0/toolchain/avr8/avr8-gnu-toolchain/bin/../lib/gcc/avr/5.4.0/../../../../avr/lib/avr5\libm.a(fp_pscA.o)
 .text          0x00000000        0x0 c:/program files (x86)/atmel/studio/7.0/toolchain/avr8/avr8-gnu-toolchain/bin/../lib/gcc/avr/5.4.0/../../../../avr/lib/avr5\libm.a(fp_pscB.o)
 .data          0x00000000        0x0 c:/program files (x86)/atmel/studio/7.0/toolchain/avr8/avr8-gnu-toolchain/bin/../lib/gcc/avr/5.4.0/../../../../avr/lib/avr5\libm.a(fp_pscB.o)
 .bss           0x00000000        0x0 c:/program files (x86)/atmel/studio/7.0/toolchain/avr8/avr8-gnu-toolchain/bin/../lib/gcc/avr/5.4.0/../../../../avr/lib/avr5\libm.a(fp_pscB.o)
 .text.avr-libc.fplib
                0x00000000        0xe c:/program files (x86)/atmel/studio/7.0/toolchain/avr8/avr8-gnu-toolchain/bin/../lib/gcc/avr/5.4.0/../../../../avr/lib/avr5\libm.a(fp_pscB.o)
 .text          0x00000000        0x0 c:/program files (x86)/atmel/studio/7.0/toolchain/avr8/avr8-gnu-toolchain/bin/../lib/gcc/avr/5.4.0/../../../../avr/lib/avr5\libm.a(fp_round.o)
 .data          0x00000000        0x0 c:/program files (x86)/atmel/studio/7.0/toolchain/avr8/avr8-gnu-toolchain/bin/../lib/gcc/avr/5.4.0/../../../../avr/lib/avr5\libm.a(fp_round.o)
 .bss           0x00000000        0x0 c:/program files (x86)/atmel/studio/7.0/toolchain/avr8/avr8-gnu-toolchain/bin/../lib/gcc/avr/5.4.0/../../../../avr/lib/avr5\libm.a(fp_round.o)
 .text.avr-libc.fplib
                0x00000000       0x22 c:/program files (x86)/atmel/studio/7.0/toolchain/avr8/avr8-gnu-toolchain/bin/../lib/gcc/avr/5.4.0/../../../../avr/lib/avr5\libm.a(fp_round.o)
 .text          0x00000000        0x0 c:/program files (x86)/atmel/studio/7.0/toolchain/avr8/avr8-gnu-toolchain/bin/../lib/gcc/avr/5.4.0/../../../../avr/lib/avr5\libm.a(fp_split3.o)
 .data          0x00000000        0x0 c:/program files (x86)/atmel/studio/7.0/toolchain/avr8/avr8-gnu-toolchain/bin/../lib/gcc/avr/5.4.0/../../../../avr/lib/avr5\libm.a(fp_split3.o)
 .bss           0x00000000        0x0 c:/program files (x86)/atmel/studio/7.0/toolchain/avr8/avr8-gnu-toolchain/bin/../lib/gcc/avr/5.4.0/../../../../avr/lib/avr5\libm.a(fp_split3.o)
 .text.avr-libc.fplib
                0x00000000       0x44 c:/program files (x86)/atmel/studio/7.0/toolchain/avr8/avr8-gnu-toolchain/bin/../lib/gcc/avr/5.4.0/../../../../avr/lib/avr5\libm.a(fp_split3.o)
 .text          0x00000000        0x0 c:/program files (x86)/atmel/studio/7.0/toolchain/avr8/avr8-gnu-toolchain/bin/../lib/gcc/avr/5.4.0/../../../../avr/lib/avr5\libm.a(fp_zero.o)
 .data          0x00000000        0x0 c:/program files (x86)/atmel/studio/7.0/toolchain/avr8/avr8-gnu-toolchain/bin/../lib/gcc/avr/5.4.0/../../../../avr/lib/avr5\libm.a(fp_zero.o)
 .bss           0x00000000        0x0 c:/program files (x86)/atmel/studio/7.0/toolchain/avr8/avr8-gnu-toolchain/bin/../lib/gcc/avr/5.4.0/../../../../avr/lib/avr5\libm.a(fp_zero.o)
 .text.avr-libc.fplib
                0x00000000        0xe c:/program files (x86)/atmel/studio/7.0/toolchain/avr8/avr8-gnu-toolchain/bin/../lib/gcc/avr/5.4.0/../../../../avr/lib/avr5\libm.a(fp_zero.o)
 .text          0x00000000        0x0 c:/program files (x86)/atmel/studio/7.0/toolchain/avr8/avr8-gnu-toolchain/bin/../lib/gcc/avr/5.4.0/../../../../avr/lib/avr5\libm.a(mulsf3.o)
 .data          0x00000000        0x0 c:/program files (x86)/atmel/studio/7.0/toolchain/avr8/avr8-gnu-toolchain/bin/../lib/gcc/avr/5.4.0/../../../../avr/lib/avr5\libm.a(mulsf3.o)
 .bss           0x00000000        0x0 c:/program files (x86)/atmel/studio/7.0/toolchain/avr8/avr8-gnu-toolchain/bin/../lib/gcc/avr/5.4.0/../../../../avr/lib/avr5\libm.a(mulsf3.o)
 .text.avr-libc.fplib
                0x00000000        0x8 c:/program files (x86)/atmel/studio/7.0/toolchain/avr8/avr8-gnu-toolchain/bin/../lib/gcc/avr/5.4.0/../../../../avr/lib/avr5\libm.a(mulsf3.o)
 .text          0x00000000        0x0 c:/program files (x86)/atmel/studio/7.0/toolchain/avr8/avr8-gnu-toolchain/bin/../lib/gcc/avr/5.4.0/../../../../avr/lib/avr5\libm.a(mulsf3x.o)
 .data          0x00000000        0x0 c:/program files (x86)/atmel/studio/7.0/toolchain/avr8/avr8-gnu-toolchain/bin/../lib/gcc/avr/5.4.0/../../../../avr/lib/avr5\libm.a(mulsf3x.o)
 .bss           0x00000000        0x0 c:/program files (x86)/atmel/studio/7.0/toolchain/avr8/avr8-gnu-toolchain/bin/../lib/gcc/avr/5.4.0/../../../../avr/lib/avr5\libm.a(mulsf3x.o)
 .text.avr-libc.fplib
                0x00000000       0xd2 c:/program files (x86)/atmel/studio/7.0/toolchain/avr8/avr8-gnu-toolchain/bin/../lib/gcc/avr/5.4.0/../../../../avr/lib/avr5\libm.a(mulsf3x.o)
 .text          0x00000000        0x0 c:/program files (x86)/atmel/studio/7.0/toolchain/avr8/avr8-gnu-toolchain/bin/../lib/gcc/avr/5.4.0/avr5\libgcc.a(_divmodhi4.o)
 .data          0x00000000        0x0 c:/program files (x86)/atmel/studio/7.0/toolchain/avr8/avr8-gnu-toolchain/bin/../lib/gcc/avr/5.4.0/avr5\libgcc.a(_divmodhi4.o)
 .bss           0x00000000        0x0 c:/program files (x86)/atmel/studio/7.0/toolchain/avr8/avr8-gnu-toolchain/bin/../lib/gcc/avr/5.4.0/avr5\libgcc.a(_divmodhi4.o)
 .text.libgcc.mul
                0x00000000        0x0 c:/program files (x86)/atmel/studio/7.0/toolchain/avr8/avr8-gnu-toolchain/bin/../lib/gcc/avr/5.4.0/avr5\libgcc.a(_divmodhi4.o)
 .text.libgcc.div
                0x00000000       0x28 c:/program files (x86)/atmel/studio/7.0/toolchain/avr8/avr8-gnu-toolchain/bin/../lib/gcc/avr/5.4.0/avr5\libgcc.a(_divmodhi4.o)
 .text.libgcc   0x00000000        0x0 c:/program files (x86)/atmel/studio/7.0/toolchain/avr8/avr8-gnu-toolchain/bin/../lib/gcc/avr/5.4.0/avr5\libgcc.a(_divmodhi4.o)
 .text.libgcc.prologue
                0x00000000        0x0 c:/program files (x86)/atmel/studio/7.0/toolchain/avr8/avr8-gnu-toolchain/bin/../lib/gcc/avr/5.4.0/avr5\libgcc.a(_divmodhi4.o)
 .text.libgcc.builtins
                0x00000000        0x0 c:/program files (x86)/atmel/studio/7.0/toolchain/avr8/avr8-gnu-toolchain/bin/../lib/gcc/avr/5.4.0/avr5\libgcc.a(_divmodhi4.o)
 .text.libgcc.fmul
                0x00000000        0x0 c:/program files (x86)/atmel/studio/7.0/toolchain/avr8/avr8-gnu-toolchain/bin/../lib/gcc/avr/5.4.0/avr5\libgcc.a(_divmodhi4.o)
 .text.libgcc.fixed
                0x00000000        0x0 c:/program files (x86)/atmel/studio/7.0/toolchain/avr8/avr8-gnu-toolchain/bin/../lib/gcc/avr/5.4.0/avr5\libgcc.a(_divmodhi4.o)
 .text          0x00000000        0x0 c:/program files (x86)/atmel/studio/7.0/toolchain/avr8/avr8-gnu-toolchain/bin/../lib/gcc/avr/5.4.0/avr5\libgcc.a(_udivmodsi4.o)
 .data          0x00000000        0x0 c:/program files (x86)/atmel/studio/7.0/toolchain/avr8/avr8-gnu-toolchain/bin/../lib/gcc/avr/5.4.0/avr5\libgcc.a(_udivmodsi4.o)
 .bss           0x00000000        0x0 c:/program files (x86)/atmel/studio/7.0/toolchain/avr8/avr8-gnu-toolchain/bin/../lib/gcc/avr/5.4.0/avr5\libgcc.a(_udivmodsi4.o)
 .text.libgcc.mul
                0x00000000        0x0 c:/program files (x86)/atmel/studio/7.0/toolchain/avr8/avr8-gnu-toolchain/bin/../lib/gcc/avr/5.4.0/avr5\libgcc.a(_udivmodsi4.o)
 .text.libgcc.div
                0x00000000       0x44 c:/program files (x86)/atmel/studio/7.0/toolchain/avr8/avr8-gnu-toolchain/bin/../lib/gcc/avr/5.4.0/avr5\libgcc.a(_udivmodsi4.o)
 .text.libgcc   0x00000000        0x0 c:/program files (x86)/atmel/studio/7.0/toolchain/avr8/avr8-gnu-toolchain/bin/../lib/gcc/avr/5.4.0/avr5\libgcc.a(_udivmodsi4.o)
 .text.libgcc.prologue
                0x00000000        0x0 c:/program files (x86)/atmel/studio/7.0/toolchain/avr8/avr8-gnu-toolchain/bin/../lib/gcc/avr/5.4.0/avr5\libgcc.a(_udivmodsi4.o)
 .text.libgcc.builtins
                0x00000000        0x0 c:/program files (x86)/atmel/studio/7.0/toolchain/avr8/avr8-gnu-toolchain/bin/../lib/gcc/avr/5.4.0/avr5\libgcc.a(_udivmodsi4.o)
 .text.libgcc.fmul
                0x00000000        0x0 c:/program files (x86)/atmel/studio/7.0/toolchain/avr8/avr8-gnu-toolchain/bin/../lib/gcc/avr/5.4.0/avr5\libgcc.a(_udivmodsi4.o)
 .text.libgcc.fixed
                0x00000000        0x0 c:/program files (x86)/atmel/studio/7.0/toolchain/avr8/avr8-gnu-toolchain/bin/../lib/gcc/avr/5.4.0/avr5\libgcc.a(_udivmodsi4.o)
 .text          0x00000000        0x0 c:/program files (x86)/atmel/studio/7.0/toolchain/avr8/avr8-gnu-toolchain/bin/../lib/gcc/avr/5.4.0/avr5\libgcc.a(_divmodsi4.o)
 .data          0x00000000        0x0 c:/program files (x86)/atmel/studio/7.0/toolchain/avr8/avr8-gnu-toolchain/bin/../lib/gcc/avr/5.4.0/avr5\libgcc.a(_divmodsi4.o)
 .bss           0x00000000        0x0 c:/program files (x86)/atmel/studio/7.0/toolchain/avr8/avr8-gnu-toolchain/bin/../lib/gcc/avr/5.4.0/avr5\libgcc.a(_divmodsi4.o)
 .text.libgcc.mul
                0x00000000        0x0 c:/program files (x86)/atmel/studio/7.0/toolchain/avr8/avr8-gnu-toolchain/bin/../lib/gcc/avr/5.4.0/avr5\libgcc.a(_divmodsi4.o)
 .text.libgcc.div
                0x00000000       0x2e c:/program files (x86)/atmel/studio/7.0/toolchain/avr8/avr8-gnu-toolchain/bin/../lib/gcc/avr/5.4.0/avr5\libgcc.a(_divmodsi4.o)
 .text.libgcc   0x00000000        0x0 c:/program files (x86)/atmel/studio/7.0/toolchain/avr8/avr8-gnu-toolchain/bin/../lib/gcc/avr/5.4.0/avr5\libgcc.a(_divmodsi4.o)
 .text.libgcc.prologue
                0x00000000        0x0 c:/program files (x86)/atmel/studio/7.0/toolchain/avr8/avr8-gnu-toolchain/bin/../lib/gcc/avr/5.4.0/avr5\libgcc.a(_divmodsi4.o)
 .text.libgcc.builtins
                0x00000000        0x0 c:/program files (x86)/atmel/studio/7.0/toolchain/avr8/avr8-gnu-toolchain/bin/../lib/gcc/avr/5.4.0/avr5\libgcc.a(_divmodsi4.o)
 .text.libgcc.fmul
                0x00000000        0x0 c:/program files (x86)/atmel/studio/7.0/toolchain/avr8/avr8-gnu-toolchain/bin/../lib/gcc/avr/5.4.0/avr5\libgcc.a(_divmodsi4.o)
 .text.libgcc.fixed
                0x00000000        0x0 c:/program files (x86)/atmel/studio/7.0/toolchain/avr8/avr8-gnu-toolchain/bin/../lib/gcc/avr/5.4.0/avr5\libgcc.a(_divmodsi4.o)
 .text          0x00000000        0x0 c:/program files (x86)/atmel/studio/7.0/toolchain/avr8/avr8-gnu-toolchain/bin/../lib/gcc/avr/5.4.0/avr5\libgcc.a(_negsi2.o)
 .data          0x00000000        0x0 c:/program files (x86)/atmel/studio/7.0/toolchain/avr8/avr8-gnu-toolchain/bin/../lib/gcc/avr/5.4.0/avr5\libgcc.a(_negsi2.o)
 .bss           0x00000000        0x0 c:/program files (x86)/atmel/studio/7.0/toolchain/avr8/avr8-gnu-toolchain/bin/../lib/gcc/avr/5.4.0/avr5\libgcc.a(_negsi2.o)
 .text.libgcc.mul
                0x00000000        0x0 c:/program files (x86)/atmel/studio/7.0/toolchain/avr8/avr8-gnu-toolchain/bin/../lib/gcc/avr/5.4.0/avr5\libgcc.a(_negsi2.o)
 .text.libgcc.div
                0x00000000       0x10 c:/program files (x86)/atmel/studio/7.0/toolchain/avr8/avr8-gnu-toolchain/bin/../lib/gcc/avr/5.4.0/avr5\libgcc.a(_negsi2.o)
 .text.libgcc   0x00000000        0x0 c:/program files (x86)/atmel/studio/7.0/toolchain/avr8/avr8-gnu-toolchain/bin/../lib/gcc/avr/5.4.0/avr5\libgcc.a(_negsi2.o)
 .text.libgcc.prologue
                0x00000000        0x0 c:/program files (x86)/atmel/studio/7.0/toolchain/avr8/avr8-gnu-toolchain/bin/../lib/gcc/avr/5.4.0/avr5\libgcc.a(_negsi2.o)
 .text.libgcc.builtins
                0x00000000        0x0 c:/program files (x86)/atmel/studio/7.0/toolchain/avr8/avr8-gnu-toolchain/bin/../lib/gcc/avr/5.4.0/avr5\libgcc.a(_negsi2.o)
 .text.libgcc.fmul
                0x00000000        0x0 c:/program files (x86)/atmel/studio/7.0/toolchain/avr8/avr8-gnu-toolchain/bin/../lib/gcc/avr/5.4.0/avr5\libgcc.a(_negsi2.o)
 .text.libgcc.fixed
                0x00000000        0x0 c:/program files (x86)/atmel/studio/7.0/toolchain/avr8/avr8-gnu-toolchain/bin/../lib/gcc/avr/5.4.0/avr5\libgcc.a(_negsi2.o)
 .text          0x00000000        0x0 c:/program files (x86)/atmel/studio/7.0/toolchain/avr8/avr8-gnu-toolchain/bin/../lib/gcc/avr/5.4.0/avr5\libgcc.a(_exit.o)
 .data          0x00000000        0x0 c:/program files (x86)/atmel/studio/7.0/toolchain/avr8/avr8-gnu-toolchain/bin/../lib/gcc/avr/5.4.0/avr5\libgcc.a(_exit.o)
 .bss           0x00000000        0x0 c:/program files (x86)/atmel/studio/7.0/toolchain/avr8/avr8-gnu-toolchain/bin/../lib/gcc/avr/5.4.0/avr5\libgcc.a(_exit.o)
 .text.libgcc.mul
                0x00000000        0x0 c:/program files (x86)/atmel/studio/7.0/toolchain/avr8/avr8-gnu-toolchain/bin/../lib/gcc/avr/5.4.0/avr5\libgcc.a(_exit.o)
 .text.libgcc.div
                0x00000000        0x0 c:/program files (x86)/atmel/studio/7.0/toolchain/avr8/avr8-gnu-toolchain/bin/../lib/gcc/avr/5.4.0/avr5\libgcc.a(_exit.o)
 .text.libgcc   0x00000000        0x0 c:/program files (x86)/atmel/studio/7.0/toolchain/avr8/avr8-gnu-toolchain/bin/../lib/gcc/avr/5.4.0/avr5\libgcc.a(_exit.o)
 .text.libgcc.prologue
                0x00000000        0x0 c:/program files (x86)/atmel/studio/7.0/toolchain/avr8/avr8-gnu-toolchain/bin/../lib/gcc/avr/5.4.0/avr5\libgcc.a(_exit.o)
 .text.libgcc.builtins
                0x00000000        0x0 c:/program files (x86)/atmel/studio/7.0/toolchain/avr8/avr8-gnu-toolchain/bin/../lib/gcc/avr/5.4.0/avr5\libgcc.a(_exit.o)
 .text.libgcc.fmul
                0x00000000        0x0 c:/program files (x86)/atmel/studio/7.0/toolchain/avr8/avr8-gnu-toolchain/bin/../lib/gcc/avr/5.4.0/avr5\libgcc.a(_exit.o)
 .text.libgcc.fixed
                0x00000000        0x0 c:/program files (x86)/atmel/studio/7.0/toolchain/avr8/avr8-gnu-toolchain/bin/../lib/gcc/avr/5.4.0/avr5\libgcc.a(_exit.o)
 .text          0x00000000        0x0 c:/program files (x86)/atmel/studio/7.0/toolchain/avr8/avr8-gnu-toolchain/bin/../lib/gcc/avr/5.4.0/avr5\libgcc.a(_tablejump2.o)
 .data          0x00000000        0x0 c:/program files (x86)/atmel/studio/7.0/toolchain/avr8/avr8-gnu-toolchain/bin/../lib/gcc/avr/5.4.0/avr5\libgcc.a(_tablejump2.o)
 .bss           0x00000000        0x0 c:/program files (x86)/atmel/studio/7.0/toolchain/avr8/avr8-gnu-toolchain/bin/../lib/gcc/avr/5.4.0/avr5\libgcc.a(_tablejump2.o)
 .text.libgcc.mul
                0x00000000        0x0 c:/program files (x86)/atmel/studio/7.0/toolchain/avr8/avr8-gnu-toolchain/bin/../lib/gcc/avr/5.4.0/avr5\libgcc.a(_tablejump2.o)
 .text.libgcc.div
                0x00000000        0x0 c:/program files (x86)/atmel/studio/7.0/toolchain/avr8/avr8-gnu-toolchain/bin/../lib/gcc/avr/5.4.0/avr5\libgcc.a(_tablejump2.o)
 .text.libgcc.prologue
                0x00000000        0x0 c:/program files (x86)/atmel/studio/7.0/toolchain/avr8/avr8-gnu-toolchain/bin/../lib/gcc/avr/5.4.0/avr5\libgcc.a(_tablejump2.o)
 .text.libgcc.builtins
                0x00000000        0x0 c:/program files (x86)/atmel/studio/7.0/toolchain/avr8/avr8-gnu-toolchain/bin/../lib/gcc/avr/5.4.0/avr5\libgcc.a(_tablejump2.o)
 .text.libgcc.fmul
                0x00000000        0x0 c:/program files (x86)/atmel/studio/7.0/toolchain/avr8/avr8-gnu-toolchain/bin/../lib/gcc/avr/5.4.0/avr5\libgcc.a(_tablejump2.o)
 .text.libgcc.fixed
                0x00000000        0x0 c:/program files (x86)/atmel/studio/7.0/toolchain/avr8/avr8-gnu-toolchain/bin/../lib/gcc/avr/5.4.0/avr5\libgcc.a(_tablejump2.o)
 .text          0x00000000        0x0 c:/program files (x86)/atmel/studio/7.0/toolchain/avr8/avr8-gnu-toolchain/bin/../lib/gcc/avr/5.4.0/avr5\libgcc.a(_copy_data.o)
 .data          0x00000000        0x0 c:/program files (x86)/atmel/studio/7.0/toolchain/avr8/avr8-gnu-toolchain/bin/../lib/gcc/avr/5.4.0/avr5\libgcc.a(_copy_data.o)
 .bss           0x00000000        0x0 c:/program files (x86)/atmel/studio/7.0/toolchain/avr8/avr8-gnu-toolchain/bin/../lib/gcc/avr/5.4.0/avr5\libgcc.a(_copy_data.o)
 .text.libgcc.mul
                0x00000000        0x0 c:/program files (x86)/atmel/studio/7.0/toolchain/avr8/avr8-gnu-toolchain/bin/../lib/gcc/avr/5.4.0/avr5\libgcc.a(_copy_data.o)
 .text.libgcc.div
                0x00000000        0x0 c:/program files (x86)/atmel/studio/7.0/toolchain/avr8/avr8-gnu-toolchain/bin/../lib/gcc/avr/5.4.0/avr5\libgcc.a(_copy_data.o)
 .text.libgcc   0x00000000        0x0 c:/program files (x86)/atmel/studio/7.0/toolchain/avr8/avr8-gnu-toolchain/bin/../lib/gcc/avr/5.4.0/avr5\libgcc.a(_copy_data.o)
 .text.libgcc.prologue
                0x00000000        0x0 c:/program files (x86)/atmel/studio/7.0/toolchain/avr8/avr8-gnu-toolchain/bin/../lib/gcc/avr/5.4.0/avr5\libgcc.a(_copy_data.o)
 .text.libgcc.builtins
                0x00000000        0x0 c:/program files (x86)/atmel/studio/7.0/toolchain/avr8/avr8-gnu-toolchain/bin/../lib/gcc/avr/5.4.0/avr5\libgcc.a(_copy_data.o)
 .text.libgcc.fmul
                0x00000000        0x0 c:/program files (x86)/atmel/studio/7.0/toolchain/avr8/avr8-gnu-toolchain/bin/../lib/gcc/avr/5.4.0/avr5\libgcc.a(_copy_data.o)
 .text.libgcc.fixed
                0x00000000        0x0 c:/program files (x86)/atmel/studio/7.0/toolchain/avr8/avr8-gnu-toolchain/bin/../lib/gcc/avr/5.4.0/avr5\libgcc.a(_copy_data.o)
 .text          0x00000000        0x0 c:/program files (x86)/atmel/studio/7.0/toolchain/avr8/avr8-gnu-toolchain/bin/../lib/gcc/avr/5.4.0/avr5\libgcc.a(_clear_bss.o)
 .data          0x00000000        0x0 c:/program files (x86)/atmel/studio/7.0/toolchain/avr8/avr8-gnu-toolchain/bin/../lib/gcc/avr/5.4.0/avr5\libgcc.a(_clear_bss.o)
 .bss           0x00000000        0x0 c:/program files (x86)/atmel/studio/7.0/toolchain/avr8/avr8-gnu-toolchain/bin/../lib/gcc/avr/5.4.0/avr5\libgcc.a(_clear_bss.o)
 .text.libgcc.mul
                0x00000000        0x0 c:/program files (x86)/atmel/studio/7.0/toolchain/avr8/avr8-gnu-toolchain/bin/../lib/gcc/avr/5.4.0/avr5\libgcc.a(_clear_bss.o)
 .text.libgcc.div
                0x00000000        0x0 c:/program files (x86)/atmel/studio/7.0/toolchain/avr8/avr8-gnu-toolchain/bin/../lib/gcc/avr/5.4.0/avr5\libgcc.a(_clear_bss.o)
 .text.libgcc   0x00000000        0x0 c:/program files (x86)/atmel/studio/7.0/toolchain/avr8/avr8-gnu-toolchain/bin/../lib/gcc/avr/5.4.0/avr5\libgcc.a(_clear_bss.o)
 .text.libgcc.prologue
                0x00000000        0x0 c:/program files (x86)/atmel/studio/7.0/toolchain/avr8/avr8-gnu-toolchain/bin/../lib/gcc/avr/5.4.0/avr5\libgcc.a(_clear_bss.o)
 .text.libgcc.builtins
                0x00000000        0x0 c:/program files (x86)/atmel/studio/7.0/toolchain/avr8/avr8-gnu-toolchain/bin/../lib/gcc/avr/5.4.0/avr5\libgcc.a(_clear_bss.o)
 .text.libgcc.fmul
                0x00000000        0x0 c:/program files (x86)/atmel/studio/7.0/toolchain/avr8/avr8-gnu-toolchain/bin/../lib/gcc/avr/5.4.0/avr5\libgcc.a(_clear_bss.o)
 .text.libgcc.fixed
                0x00000000        0x0 c:/program files (x86)/atmel/studio/7.0/toolchain/avr8/avr8-gnu-toolchain/bin/../lib/gcc/avr/5.4.0/avr5\libgcc.a(_clear_bss.o)
 .text          0x00000000        0x0 c:/program files (x86)/atmel/studio/7.0/toolchain/avr8/avr8-gnu-toolchain/bin/../lib/gcc/avr/5.4.0/avr5\libgcc.a(_umulhisi3.o)
 .data          0x00000000        0x0 c:/program files (x86)/atmel/studio/7.0/toolchain/avr8/avr8-gnu-toolchain/bin/../lib/gcc/avr/5.4.0/avr5\libgcc.a(_umulhisi3.o)
 .bss           0x00000000        0x0 c:/program files (x86)/atmel/studio/7.0/toolchain/avr8/avr8-gnu-toolchain/bin/../lib/gcc/avr/5.4.0/avr5\libgcc.a(_umulhisi3.o)
 .text.libgcc.mul
                0x00000000       0x1e c:/program files (x86)/atmel/studio/7.0/toolchain/avr8/avr8-gnu-toolchain/bin/../lib/gcc/avr/5.4.0/avr5\libgcc.a(_umulhisi3.o)
 .text.libgcc.div
                0x00000000        0x0 c:/program files (x86)/atmel/studio/7.0/toolchain/avr8/avr8-gnu-toolchain/bin/../lib/gcc/avr/5.4.0/avr5\libgcc.a(_umulhisi3.o)
 .text.libgcc   0x00000000        0x0 c:/program files (x86)/atmel/studio/7.0/toolchain/avr8/avr8-gnu-toolchain/bin/../lib/gcc/avr/5.4.0/avr5\libgcc.a(_umulhisi3.o)
 .text.libgcc.prologue
                0x00000000        0x0 c:/program files (x86)/atmel/studio/7.0/toolchain/avr8/avr8-gnu-toolchain/bin/../lib/gcc/avr/5.4.0/avr5\libgcc.a(_umulhisi3.o)
 .text.libgcc.builtins
                0x00000000        0x0 c:/program files (x86)/atmel/studio/7.0/toolchain/avr8/avr8-gnu-toolchain/bin/../lib/gcc/avr/5.4.0/avr5\libgcc.a(_umulhisi3.o)
 .text.libgcc.fmul
                0x00000000        0x0 c:/program files (x86)/atmel/studio/7.0/toolchain/avr8/avr8-gnu-toolchain/bin/../lib/gcc/avr/5.4.0/avr5\libgcc.a(_umulhisi3.o)
 .text.libgcc.fixed
                0x00000000        0x0 c:/program files (x86)/atmel/studio/7.0/toolchain/avr8/avr8-gnu-toolchain/bin/../lib/gcc/avr/5.4.0/avr5\libgcc.a(_umulhisi3.o)
 .text          0x00000000        0x0 c:/program files (x86)/atmel/studio/7.0/toolchain/avr8/avr8-gnu-toolchain/bin/../lib/gcc/avr/5.4.0/avr5\libgcc.a(_muluhisi3.o)
 .data          0x00000000        0x0 c:/program files (x86)/atmel/studio/7.0/toolchain/avr8/avr8-gnu-toolchain/bin/../lib/gcc/avr/5.4.0/avr5\libgcc.a(_muluhisi3.o)
 .bss           0x00000000        0x0 c:/program files (x86)/atmel/studio/7.0/toolchain/avr8/avr8-gnu-toolchain/bin/../lib/gcc/avr/5.4.0/avr5\libgcc.a(_muluhisi3.o)
 .text.libgcc.mul
                0x00000000       0x16 c:/program files (x86)/atmel/studio/7.0/toolchain/avr8/avr8-gnu-toolchain/bin/../lib/gcc/avr/5.4.0/avr5\libgcc.a(_muluhisi3.o)
 .text.libgcc.div
                0x00000000        0x0 c:/program files (x86)/atmel/studio/7.0/toolchain/avr8/avr8-gnu-toolchain/bin/../lib/gcc/avr/5.4.0/avr5\libgcc.a(_muluhisi3.o)
 .text.libgcc   0x00000000        0x0 c:/program files (x86)/atmel/studio/7.0/toolchain/avr8/avr8-gnu-toolchain/bin/../lib/gcc/avr/5.4.0/avr5\libgcc.a(_muluhisi3.o)
 .text.libgcc.prologue
                0x00000000        0x0 c:/program files (x86)/atmel/studio/7.0/toolchain/avr8/avr8-gnu-toolchain/bin/../lib/gcc/avr/5.4.0/avr5\libgcc.a(_muluhisi3.o)
 .text.libgcc.builtins
                0x00000000        0x0 c:/program files (x86)/atmel/studio/7.0/toolchain/avr8/avr8-gnu-toolchain/bin/../lib/gcc/avr/5.4.0/avr5\libgcc.a(_muluhisi3.o)
 .text.libgcc.fmul
                0x00000000        0x0 c:/program files (x86)/atmel/studio/7.0/toolchain/avr8/avr8-gnu-toolchain/bin/../lib/gcc/avr/5.4.0/avr5\libgcc.a(_muluhisi3.o)
 .text.libgcc.fixed
                0x00000000        0x0 c:/program files (x86)/atmel/studio/7.0/toolchain/avr8/avr8-gnu-toolchain/bin/../lib/gcc/avr/5.4.0/avr5\libgcc.a(_muluhisi3.o)
 .text          0x00000000        0x0 c:/program files (x86)/atmel/studio/7.0/toolchain/avr8/avr8-gnu-toolchain/bin/../lib/gcc/avr/5.4.0/avr5\libgcc.a(_udivmodhi4.o)
 .data          0x00000000        0x0 c:/program files (x86)/atmel/studio/7.0/toolchain/avr8/avr8-gnu-toolchain/bin/../lib/gcc/avr/5.4.0/avr5\libgcc.a(_udivmodhi4.o)
 .bss           0x00000000        0x0 c:/program files (x86)/atmel/studio/7.0/toolchain/avr8/avr8-gnu-toolchain/bin/../lib/gcc/avr/5.4.0/avr5\libgcc.a(_udivmodhi4.o)
 .text.libgcc.mul
                0x00000000        0x0 c:/program files (x86)/atmel/studio/7.0/toolchain/avr8/avr8-gnu-toolchain/bin/../lib/gcc/avr/5.4.0/avr5\libgcc.a(_udivmodhi4.o)
 .text.libgcc.div
                0x00000000       0x28 c:/program files (x86)/atmel/studio/7.0/toolchain/avr8/avr8-gnu-toolchain/bin/../lib/gcc/avr/5.4.0/avr5\libgcc.a(_udivmodhi4.o)
 .text.libgcc   0x00000000        0x0 c:/program files (x86)/atmel/studio/7.0/toolchain/avr8/avr8-gnu-toolchain/bin/../lib/gcc/avr/5.4.0/avr5\libgcc.a(_udivmodhi4.o)
 .text.libgcc.prologue
                0x00000000        0x0 c:/program files (x86)/atmel/studio/7.0/toolchain/avr8/avr8-gnu-toolchain/bin/../lib/gcc/avr/5.4.0/avr5\libgcc.a(_udivmodhi4.o)
 .text.libgcc.builtins
                0x00000000        0x0 c:/program files (x86)/atmel/studio/7.0/toolchain/avr8/avr8-gnu-toolchain/bin/../lib/gcc/avr/5.4.0/avr5\libgcc.a(_udivmodhi4.o)
 .text.libgcc.fmul
                0x00000000        0x0 c:/program files (x86)/atmel/studio/7.0/toolchain/avr8/avr8-gnu-toolchain/bin/../lib/gcc/avr/5.4.0/avr5\libgcc.a(_udivmodhi4.o)
 .text.libgcc.fixed
                0x00000000        0x0 c:/program files (x86)/atmel/studio/7.0/toolchain/avr8/avr8-gnu-toolchain/bin/../lib/gcc/avr/5.4.0/avr5\libgcc.a(_udivmodhi4.o)

Memory Configuration

Name             Origin             Length             Attributes
text             0x00000000         0x00008000         xr
data             0x00800060         0x00000800         rw !x
eeprom           0x00810000         0x00000400         rw !x
fuse             0x00820000         0x00000002         rw !x
lock             0x00830000         0x00000400         rw !x
signature        0x00840000         0x00000400         rw !x
user_signatures  0x00850000         0x00000400         rw !x
*default*        0x00000000         0xffffffff

Linker script and memory map

LOAD c:/program files (x86)/atmel/studio/7.0/toolchain/avr8/avr8-gnu-toolchain/bin/../lib/gcc/avr/5.4.0/../../../../avr/lib/avr5/crtatmega32.o
LOAD APP/main.o
LOAD HAL/AT24C16A/AT24C16A.o
LOAD HAL/DC_MOTOR/DC_MOTOR.o
LOAD HAL/KEY_PAD/KEY_PAD.o
LOAD HAL/LCD/LCD.o
LOAD HAL/LED/LED.o
LOAD HAL/P_B/P_B.o
LOAD HAL/RELAY/RELAY.o
LOAD HAL/SERVO/SERVO.o
LOAD HAL/SSD/SSD.o
LOAD HAL/STEPPER/STEPPER.o
LOAD HAL/TEMP_SENSOR/TEMP.o
LOAD MCAL/ADC/ADC.o
LOAD MCAL/DIO/DIO.o
LOAD MCAL/EXT_INT/EXT_INT.o
LOAD MCAL/I2C/I2C.o
LOAD MCAL/SPI/SPI.o
LOAD MCAL/TIMER_0/TIMER_0.o
LOAD MCAL/TIMER_1/TIMER_1.o
LOAD MCAL/UART/UART.o
LOAD MCAL/WDT/WDT.o
START GROUP
LOAD c:/program files (x86)/atmel/studio/7.0/toolchain/avr8/avr8-gnu-toolchain/bin/../lib/gcc/avr/5.4.0/../../../../avr/lib/avr5\libm.a
END GROUP
START GROUP
LOAD c:/program files (x86)/atmel/studio/7.0/toolchain/avr8/avr8-gnu-toolchain/bin/../lib/gcc/avr/5.4.0/avr5\libgcc.a
LOAD c:/program files (x86)/atmel/studio/7.0/toolchain/avr8/avr8-gnu-toolchain/bin/../lib/gcc/avr/5.4.0/../../../../avr/lib/avr5\libm.a
LOAD c:/program files (x86)/atmel/studio/7.0/toolchain/avr8/avr8-gnu-toolchain/bin/../lib/gcc/avr/5.4.0/../../../../avr/lib/avr5\libc.a
LOAD c:/program files (x86)/atmel/studio/7.0/toolchain/avr8/avr8-gnu-toolchain/bin/../lib/gcc/avr/5.4.0/../../../../avr/lib/avr5\libatmega32.a
END GROUP
                0x00000000                __TEXT_REGION_ORIGIN__ = DEFINED (__TEXT_REGION_ORIGIN__)?__TEXT_REGION_ORIGIN__:0x0
                [0x00800060]                __DATA_REGION_ORIGIN__ = DEFINED (__DATA_REGION_ORIGIN__)?__DATA_REGION_ORIGIN__:0x800060
                [0x00008000]                __TEXT_REGION_LENGTH__ = DEFINED (__TEXT_REGION_LENGTH__)?__TEXT_REGION_LENGTH__:0x20000
                [0x00000800]                __DATA_REGION_LENGTH__ = DEFINED (__DATA_REGION_LENGTH__)?__DATA_REGION_LENGTH__:0xffa0
                [0x00000400]                __EEPROM_REGION_LENGTH__ = DEFINED (__EEPROM_REGION_LENGTH__)?__EEPROM_REGION_LENGTH__:0x10000
                [0x00000002]                __FUSE_REGION_LENGTH__ = DEFINED (__FUSE_REGION_LENGTH__)?__FUSE_REGION_LENGTH__:0x400
                0x00000400                __LOCK_REGION_LENGTH__ = DEFINED (__LOCK_REGION_LENGTH__)?__LOCK_REGION_LENGTH__:0x400
                0x00000400                __SIGNATURE_REGION_LENGTH__ = DEFINED (__SIGNATURE_REGION_LENGTH__)?__SIGNATURE_REGION_LENGTH__:0x400
                0x00000400                __USER_SIGNATURE_REGION_LENGTH__ = DEFINED (__USER_SIGNATURE_REGION_LENGTH__)?__USER_SIGNATURE_REGION_LENGTH__:0x400

.hash
 *(.hash)

.dynsym
 *(.dynsym)

.dynstr
 *(.dynstr)

.gnu.version
 *(.gnu.version)

.gnu.version_d
 *(.gnu.version_d)

.gnu.version_r
 *(.gnu.version_r)

.rel.init
 *(.rel.init)

.rela.init
 *(.rela.init)

.rel.text
 *(.rel.text)
 *(.rel.text.*)
 *(.rel.gnu.linkonce.t*)

.rela.text
 *(.rela.text)
 *(.rela.text.*)
 *(.rela.gnu.linkonce.t*)

.rel.fini
 *(.rel.fini)

.rela.fini
 *(.rela.fini)

.rel.rodata
 *(.rel.rodata)
 *(.rel.rodata.*)
 *(.rel.gnu.linkonce.r*)

.rela.rodata
 *(.rela.rodata)
 *(.rela.rodata.*)
 *(.rela.gnu.linkonce.r*)

.rel.data
 *(.rel.data)
 *(.rel.data.*)
 *(.rel.gnu.linkonce.d*)

.rela.data
 *(.rela.data)
 *(.rela.data.*)
 *(.rela.gnu.linkonce.d*)

.rel.ctors
 *(.rel.ctors)

.rela.ctors
 *(.rela.ctors)

.rel.dtors
 *(.rel.dtors)

.rela.dtors
 *(.rela.dtors)

.rel.got
 *(.rel.got)

.rela.got
 *(.rela.got)

.rel.bss
 *(.rel.bss)

.rela.bss
 *(.rela.bss)

.rel.plt
 *(.rel.plt)

.rela.plt
 *(.rela.plt)

.text           0x00000000      0xa9c
 *(.vectors)
 .vectors       0x00000000       0x54 c:/program files (x86)/atmel/studio/7.0/toolchain/avr8/avr8-gnu-toolchain/bin/../lib/gcc/avr/5.4.0/../../../../avr/lib/avr5/crtatmega32.o
                0x00000000                __vector_default
                0x00000000                __vectors
 *(.vectors)
 *(.progmem.gcc*)
 .progmem.gcc_sw_table.H_LedInit
                0x00000054        0xe HAL/LED/LED.o
 .progmem.gcc_sw_table.H_LedOn
                0x00000062        0xe HAL/LED/LED.o
 .progmem.gcc_sw_table.H_LedOff
                0x00000070        0xe HAL/LED/LED.o
 .progmem.gcc_sw_table.H_LedTog
                0x0000007e        0xe HAL/LED/LED.o
 .progmem.gcc_sw_table.H_LedBlink
                0x0000008c        0xe HAL/LED/LED.o
                0x0000009a                . = ALIGN (0x2)
                0x0000009a                __trampolines_start = .
 *(.trampolines)
 .trampolines   0x0000009a        0x0 linker stubs
 *(.trampolines*)
                0x0000009a                __trampolines_end = .
 *libprintf_flt.a:*(.progmem.data)
 *libc.a:*(.progmem.data)
 *(.progmem*)
                0x0000009a                . = ALIGN (0x2)
 *(.jumptables)
 *(.jumptables*)
 *(.lowtext)
 *(.lowtext*)
                0x0000009a                __ctors_start = .
 *(.ctors)
                0x0000009a                __ctors_end = .
                0x0000009a                __dtors_start = .
 *(.dtors)
                0x0000009a                __dtors_end = .
 SORT(*)(.ctors)
 SORT(*)(.dtors)
 *(.init0)
 .init0         0x0000009a        0x0 c:/program files (x86)/atmel/studio/7.0/toolchain/avr8/avr8-gnu-toolchain/bin/../lib/gcc/avr/5.4.0/../../../../avr/lib/avr5/crtatmega32.o
                0x0000009a                __init
 *(.init0)
 *(.init1)
 *(.init1)
 *(.init2)
 .init2         0x0000009a        0xc c:/program files (x86)/atmel/studio/7.0/toolchain/avr8/avr8-gnu-toolchain/bin/../lib/gcc/avr/5.4.0/../../../../avr/lib/avr5/crtatmega32.o
 *(.init2)
 *(.init3)
 *(.init3)
 *(.init4)
 .init4         0x000000a6       0x16 c:/program files (x86)/atmel/studio/7.0/toolchain/avr8/avr8-gnu-toolchain/bin/../lib/gcc/avr/5.4.0/avr5\libgcc.a(_copy_data.o)
                0x000000a6                __do_copy_data
 .init4         0x000000bc       0x10 c:/program files (x86)/atmel/studio/7.0/toolchain/avr8/avr8-gnu-toolchain/bin/../lib/gcc/avr/5.4.0/avr5\libgcc.a(_clear_bss.o)
                0x000000bc                __do_clear_bss
 *(.init4)
 *(.init5)
 *(.init5)
 *(.init6)
 *(.init6)
 *(.init7)
 *(.init7)
 *(.init8)
 *(.init8)
 *(.init9)
 .init9         0x000000cc        0x8 c:/program files (x86)/atmel/studio/7.0/toolchain/avr8/avr8-gnu-toolchain/bin/../lib/gcc/avr/5.4.0/../../../../avr/lib/avr5/crtatmega32.o
 *(.init9)
 *(.text)
 .text          0x000000d4        0x4 c:/program files (x86)/atmel/studio/7.0/toolchain/avr8/avr8-gnu-toolchain/bin/../lib/gcc/avr/5.4.0/../../../../avr/lib/avr5/crtatmega32.o
                0x000000d4                __vector_12
                0x000000d4                __bad_interrupt
                0x000000d4                __vector_6
                0x000000d4                __vector_3
                0x000000d4                __vector_11
                0x000000d4                __vector_13
                0x000000d4                __vector_17
                0x000000d4                __vector_19
                0x000000d4                __vector_7
                0x000000d4                __vector_5
                0x000000d4                __vector_4
                0x000000d4                __vector_9
                0x000000d4                __vector_2
                0x000000d4                __vector_15
                0x000000d4                __vector_8
                0x000000d4                __vector_14
                0x000000d4                __vector_16
                0x000000d4                __vector_18
                0x000000d4                __vector_20
                0x000000d8                . = ALIGN (0x2)
 *(.text.*)
 .text.main     0x000000d8      0x17c APP/main.o
                0x000000d8                main
 .text.H_LcdWriteCharacter
                0x00000254       0x86 HAL/LCD/LCD.o
                0x00000254                H_LcdWriteCharacter
 .text.H_LcdWriteCommand
                0x000002da       0x86 HAL/LCD/LCD.o
                0x000002da                H_LcdWriteCommand
 .text.H_LcdInit
                0x00000360       0x76 HAL/LCD/LCD.o
                0x00000360                H_LcdInit
 .text.H_LcdWriteString
                0x000003d6       0x2c HAL/LCD/LCD.o
                0x000003d6                H_LcdWriteString
 .text.H_LcdGoTo
                0x00000402       0x2a HAL/LCD/LCD.o
                0x00000402                H_LcdGoTo
 .text.H_LedInit
                0x0000042c       0x5a HAL/LED/LED.o
                0x0000042c                H_LedInit
 .text.H_LedOn  0x00000486       0x5a HAL/LED/LED.o
                0x00000486                H_LedOn
 .text.H_LedOff
                0x000004e0       0x5a HAL/LED/LED.o
                0x000004e0                H_LedOff
 .text.H_LedTog
                0x0000053a       0x4c HAL/LED/LED.o
                0x0000053a                H_LedTog
 .text.H_LedBlink
                0x00000586      0x112 HAL/LED/LED.o
                0x00000586                H_LedBlink
 .text.M_PinMode
                0x00000698      0x12c MCAL/DIO/DIO.o
                0x00000698                M_PinMode
 .text.M_PinWrite
                0x000007c4      0x12c MCAL/DIO/DIO.o
                0x000007c4                M_PinWrite
 .text.M_PinTog
                0x000008f0       0x94 MCAL/DIO/DIO.o
                0x000008f0                M_PinTog
 .text.__vector_1
                0x00000984       0x4e MCAL/EXT_INT/EXT_INT.o
                0x00000984                __vector_1
 .text.__vector_10
                0x000009d2       0x9e MCAL/TIMER_0/TIMER_0.o
                0x000009d2                __vector_10
 .text.M_UartInit
                0x00000a70       0x14 MCAL/UART/UART.o
                0x00000a70                M_UartInit
 .text.M_UartRec
                0x00000a84        0x8 MCAL/UART/UART.o
                0x00000a84                M_UartRec
 .text.libgcc   0x00000a8c        0xc c:/program files (x86)/atmel/studio/7.0/toolchain/avr8/avr8-gnu-toolchain/bin/../lib/gcc/avr/5.4.0/avr5\libgcc.a(_tablejump2.o)
                0x00000a8c                __tablejump2__
                0x00000a98                . = ALIGN (0x2)
 *(.fini9)
 .fini9         0x00000a98        0x0 c:/program files (x86)/atmel/studio/7.0/toolchain/avr8/avr8-gnu-toolchain/bin/../lib/gcc/avr/5.4.0/avr5\libgcc.a(_exit.o)
                0x00000a98                _exit
                0x00000a98                exit
 *(.fini9)
 *(.fini8)
 *(.fini8)
 *(.fini7)
 *(.fini7)
 *(.fini6)
 *(.fini6)
 *(.fini5)
 *(.fini5)
 *(.fini4)
 *(.fini4)
 *(.fini3)
 *(.fini3)
 *(.fini2)
 *(.fini2)
 *(.fini1)
 *(.fini1)
 *(.fini0)
 .fini0         0x00000a98        0x4 c:/program files (x86)/atmel/studio/7.0/toolchain/avr8/avr8-gnu-toolchain/bin/../lib/gcc/avr/5.4.0/avr5\libgcc.a(_exit.o)
 *(.fini0)
                0x00000a9c                _etext = .

.data           0x00800060       0x2c load address 0x00000a9c
                0x00800060                PROVIDE (__data_start, .)
 *(.data)
 *(.data*)
 *(.gnu.linkonce.d*)
 *(.rodata)
 *(.rodata*)
 .rodata.str1.1
                0x00800060       0x2c APP/main.o
 *(.gnu.linkonce.r*)
                0x0080008c                . = ALIGN (0x2)
                0x0080008c                _edata = .
                0x0080008c                PROVIDE (__data_end, .)

.bss            0x0080008c        0xa
                0x0080008c                PROVIDE (__bss_start, .)
 *(.bss)
 *(.bss*)
 .bss.u32_static_local_counter.1672
                0x0080008c        0x4 MCAL/TIMER_0/TIMER_0.o
 .bss.u32_global_no_of_cm
                0x00800090        0x4 MCAL/TIMER_0/TIMER_0.o
                0x00800090                u32_global_no_of_cm
 *(COMMON)
 COMMON         0x00800094        0x2 MCAL/EXT_INT/EXT_INT.o
                0x00800094                call_back
                0x00800096                PROVIDE (__bss_end, .)
                0x00000a9c                __data_load_start = LOADADDR (.data)
                0x00000ac8                __data_load_end = (__data_load_start + SIZEOF (.data))

.noinit         0x00800096        0x0
                [!provide]                PROVIDE (__noinit_start, .)
 *(.noinit*)
                [!provide]                PROVIDE (__noinit_end, .)
                0x00800096                _end = .
                [!provide]                PROVIDE (__heap_start, .)

.eeprom         0x00810000        0x0
 *(.eeprom*)
                0x00810000                __eeprom_end = .

.fuse
 *(.fuse)
 *(.lfuse)
 *(.hfuse)
 *(.efuse)

.lock
 *(.lock*)

.signature
 *(.signature*)

.user_signatures
 *(.user_signatures*)

.stab
 *(.stab)

.stabstr
 *(.stabstr)

.stab.excl
 *(.stab.excl)

.stab.exclstr
 *(.stab.exclstr)

.stab.index
 *(.stab.index)

.stab.indexstr
 *(.stab.indexstr)

.comment        0x00000000       0x30
 *(.comment)
 .comment       0x00000000       0x30 APP/main.o
                                 0x31 (size before relaxing)
 .comment       0x00000030       0x31 HAL/LCD/LCD.o
 .comment       0x00000030       0x31 HAL/LED/LED.o
 .comment       0x00000030       0x31 MCAL/DIO/DIO.o
 .comment       0x00000030       0x31 MCAL/EXT_INT/EXT_INT.o
 .comment       0x00000030       0x31 MCAL/TIMER_0/TIMER_0.o
 .comment       0x00000030       0x31 MCAL/UART/UART.o

.note.gnu.avr.deviceinfo
                0x00000000       0x3c
 .note.gnu.avr.deviceinfo
                0x00000000       0x3c c:/program files (x86)/atmel/studio/7.0/toolchain/avr8/avr8-gnu-toolchain/bin/../lib/gcc/avr/5.4.0/../../../../avr/lib/avr5/crtatmega32.o

.note.gnu.build-id
 *(.note.gnu.build-id)

.debug
 *(.debug)

.line
 *(.line)

.debug_srcinfo
 *(.debug_srcinfo)

.debug_sfnames
 *(.debug_sfnames)

.debug_aranges  0x00000000      0x1b8
 *(.debug_aranges)
 .debug_aranges
                0x00000000       0x20 APP/main.o
 .debug_aranges
                0x00000020       0x50 HAL/LCD/LCD.o
 .debug_aranges
                0x00000070       0x40 HAL/LED/LED.o
 .debug_aranges
                0x000000b0       0x40 MCAL/DIO/DIO.o
 .debug_aranges
                0x000000f0       0x30 MCAL/EXT_INT/EXT_INT.o
 .debug_aranges
                0x00000120       0x68 MCAL/TIMER_0/TIMER_0.o
 .debug_aranges
                0x00000188       0x30 MCAL/UART/UART.o

.debug_pubnames
 *(.debug_pubnames)

.debug_info     0x00000000     0x1da5
 *(.debug_info .gnu.linkonce.wi.*)
 .debug_info    0x00000000      0x4e6 c:/program files (x86)/atmel/studio/7.0/toolchain/avr8/avr8-gnu-toolchain/bin/../lib/gcc/avr/5.4.0/../../../../avr/lib/avr5/crtatmega32.o
 .debug_info    0x000004e6      0x417 APP/main.o
 .debug_info    0x000008fd      0x73e HAL/LCD/LCD.o
 .debug_info    0x0000103b      0x72b HAL/LED/LED.o
 .debug_info    0x00001766      0x1fc MCAL/DIO/DIO.o
 .debug_info    0x00001962      0x106 MCAL/EXT_INT/EXT_INT.o
 .debug_info    0x00001a68      0x265 MCAL/TIMER_0/TIMER_0.o
 .debug_info    0x00001ccd       0xd8 MCAL/UART/UART.o

.debug_abbrev   0x00000000      0xb25
 *(.debug_abbrev)
 .debug_abbrev  0x00000000      0x4a3 c:/program files (x86)/atmel/studio/7.0/toolchain/avr8/avr8-gnu-toolchain/bin/../lib/gcc/avr/5.4.0/../../../../avr/lib/avr5/crtatmega32.o
 .debug_abbrev  0x000004a3       0xa8 APP/main.o
 .debug_abbrev  0x0000054b      0x194 HAL/LCD/LCD.o
 .debug_abbrev  0x000006df      0x10d HAL/LED/LED.o
 .debug_abbrev  0x000007ec       0xd6 MCAL/DIO/DIO.o
 .debug_abbrev  0x000008c2       0xc0 MCAL/EXT_INT/EXT_INT.o
 .debug_abbrev  0x00000982      0x123 MCAL/TIMER_0/TIMER_0.o
 .debug_abbrev  0x00000aa5       0x80 MCAL/UART/UART.o

.debug_line     0x00000000      0xf7e
 *(.debug_line .debug_line.* .debug_line_end)
 .debug_line    0x00000000       0x1a c:/program files (x86)/atmel/studio/7.0/toolchain/avr8/avr8-gnu-toolchain/bin/../lib/gcc/avr/5.4.0/../../../../avr/lib/avr5/crtatmega32.o
 .debug_line    0x0000001a      0x21a APP/main.o
 .debug_line    0x00000234      0x362 HAL/LCD/LCD.o
 .debug_line    0x00000596      0x386 HAL/LED/LED.o
 .debug_line    0x0000091c      0x27c MCAL/DIO/DIO.o
 .debug_line    0x00000b98      0x107 MCAL/EXT_INT/EXT_INT.o
 .debug_line    0x00000c9f      0x214 MCAL/TIMER_0/TIMER_0.o
 .debug_line    0x00000eb3       0xcb MCAL/UART/UART.o

.debug_frame    0x00000000      0x3e4
 *(.debug_frame)
 .debug_frame   0x00000000       0x24 APP/main.o
 .debug_frame   0x00000024       0xfc HAL/LCD/LCD.o
 .debug_frame   0x00000120       0x64 HAL/LED/LED.o
 .debug_frame   0x00000184       0x64 MCAL/DIO/DIO.o
 .debug_frame   0x000001e8       0x8c MCAL/EXT_INT/EXT_INT.o
 .debug_frame   0x00000274      0x12c MCAL/TIMER_0/TIMER_0.o
 .debug_frame   0x000003a0       0x44 MCAL/UART/UART.o

.debug_str      0x00000000      0x7b3
 *(.debug_str)
 .debug_str     0x00000000      0x196 c:/program files (x86)/atmel/studio/7.0/toolchain/avr8/avr8-gnu-toolchain/bin/../lib/gcc/avr/5.4.0/../../../../avr/lib/avr5/crtatmega32.o
 .debug_str     0x00000196      0x267 APP/main.o
                                0x29b (size before relaxing)
 .debug_str     0x000003fd      0x155 HAL/LCD/LCD.o
                                0x2f1 (size before relaxing)
 .debug_str     0x00000552       0x21 HAL/LED/LED.o
                                0x220 (size before relaxing)
 .debug_str     0x00000573       0x3b MCAL/DIO/DIO.o
                                0x19e (size before relaxing)
 .debug_str     0x000005ae       0x5b MCAL/EXT_INT/EXT_INT.o
                                0x1d2 (size before relaxing)
 .debug_str     0x00000609      0x16a MCAL/TIMER_0/TIMER_0.o
                                0x2f3 (size before relaxing)
 .debug_str     0x00000773       0x40 MCAL/UART/UART.o
                                0x19a (size before relaxing)

.debug_loc      0x00000000     0x16b9
 *(.debug_loc)
 .debug_loc     0x00000000       0xde APP/main.o
 .debug_loc     0x000000de      0x626 HAL/LCD/LCD.o
 .debug_loc     0x00000704      0x58b HAL/LED/LED.o
 .debug_loc     0x00000c8f      0x726 MCAL/DIO/DIO.o
 .debug_loc     0x000013b5       0xcb MCAL/EXT_INT/EXT_INT.o
 .debug_loc     0x00001480      0x217 MCAL/TIMER_0/TIMER_0.o
 .debug_loc     0x00001697       0x22 MCAL/UART/UART.o

.debug_macinfo
 *(.debug_macinfo)

.debug_weaknames
 *(.debug_weaknames)

.debug_funcnames
 *(.debug_funcnames)

.debug_typenames
 *(.debug_typenames)

.debug_varnames
 *(.debug_varnames)

.debug_pubtypes
 *(.debug_pubtypes)

.debug_ranges   0x00000000      0x148
 *(.debug_ranges)
 .debug_ranges  0x00000000       0x10 APP/main.o
 .debug_ranges  0x00000010       0x40 HAL/LCD/LCD.o
 .debug_ranges  0x00000050       0x30 HAL/LED/LED.o
 .debug_ranges  0x00000080       0x30 MCAL/DIO/DIO.o
 .debug_ranges  0x000000b0       0x20 MCAL/EXT_INT/EXT_INT.o
 .debug_ranges  0x000000d0       0x58 MCAL/TIMER_0/TIMER_0.o
 .debug_ranges  0x00000128       0x20 MCAL/UART/UART.o

.debug_macro
 *(.debug_macro)
OUTPUT(GccApplication1.elf elf32-avr)
LOAD linker stubs
